[debug] [2026-07-26T11:32:09.027Z] ----------------------------------------------------------------------
[debug] [2026-07-26T11:32:09.030Z] Command:       /usr/bin/node /tmp/bunx-1000-firebase-tools@latest/node_modules/.bin/firebase apps:sdkconfig ANDROID sga-esinsa-nextjs --project sga-esinsa-astrojs
[debug] [2026-07-26T11:32:09.030Z] CLI Version:   15.24.0
[debug] [2026-07-26T11:32:09.030Z] Platform:      linux
[debug] [2026-07-26T11:32:09.030Z] Node Version:  v26.4.0
[debug] [2026-07-26T11:32:09.031Z] Detected Agent: unknown
[debug] [2026-07-26T11:32:09.031Z] Time:          Sun Jul 26 2026 13:32:09 GMT+0200 (hora de verano de Europa central)
[debug] [2026-07-26T11:32:09.031Z] ----------------------------------------------------------------------
[debug] 
[debug] [2026-07-26T11:32:09.052Z] > command requires scopes: ["email","openid","https://www.googleapis.com/auth/cloudplatformprojects.readonly","https://www.googleapis.com/auth/firebase","https://www.googleapis.com/auth/cloud-platform"]
[debug] [2026-07-26T11:32:09.053Z] > authorizing via signed-in user (sergiojurado.casado@gmail.com)
[debug] [2026-07-26T11:32:09.077Z] Checked if tokens are valid: true, expires at: 1785068996256
[debug] [2026-07-26T11:32:09.077Z] Checked if tokens are valid: true, expires at: 1785068996256
[debug] [2026-07-26T11:32:09.078Z] >>> [apiv2][query] GET https://firebase.googleapis.com/v1beta1/projects/-/androidApps/sga-esinsa-nextjs/config [none]
[debug] [2026-07-26T11:32:09.303Z] <<< [apiv2][status] GET https://firebase.googleapis.com/v1beta1/projects/-/androidApps/sga-esinsa-nextjs/config 400
[debug] [2026-07-26T11:32:09.303Z] <<< [apiv2][body] GET https://firebase.googleapis.com/v1beta1/projects/-/androidApps/sga-esinsa-nextjs/config {"error":{"code":400,"message":"Request contains an invalid argument.","status":"INVALID_ARGUMENT"}}
[debug] [2026-07-26T11:32:09.304Z] Request to https://firebase.googleapis.com/v1beta1/projects/-/androidApps/sga-esinsa-nextjs/config had HTTP Error: 400, Request contains an invalid argument.
[debug] [2026-07-26T11:32:09.361Z] FirebaseError: Request to https://firebase.googleapis.com/v1beta1/projects/-/androidApps/sga-esinsa-nextjs/config had HTTP Error: 400, Request contains an invalid argument.
    at responseToError (/tmp/bunx-1000-firebase-tools@latest/node_modules/firebase-tools/lib/responseToError.js:53:12)
    at RetryOperation._fn (/tmp/bunx-1000-firebase-tools@latest/node_modules/firebase-tools/lib/apiv2.js:415:77)
    at process.processTicksAndRejections (node:internal/process/task_queues:104:5)
[error] 
[error] Error: Failed to get ANDROID app configuration. See firebase-debug.log for more info.
